// Jest Snapshot v1, https://goo.gl/fbAQLP

exports[`Create Post button Component this is a test for Create post button 1`] = `ShallowWrapper {}`;
