// Jest Snapshot v1, https://goo.gl/fbAQLP

exports[`Footer Component this is a test for Footer Component 1`] = `ShallowWrapper {}`;
