// Jest Snapshot v1, https://goo.gl/fbAQLP

exports[`Scroll this is a test for Scroll Button 1`] = `ShallowWrapper {}`;
