// Jest Snapshot v1, https://goo.gl/fbAQLP

exports[`Popular Posts Component this is a test for Popular Posts Component 1`] = `ShallowWrapper {}`;
