// Jest Snapshot v1, https://goo.gl/fbAQLP

exports[`Sign Up Component this is a test for Sign Up Button 1`] = `ShallowWrapper {}`;
