// Jest Snapshot v1, https://goo.gl/fbAQLP

exports[`Community Card Item Component this is a test for Community Card Item Component 1`] = `ShallowWrapper {}`;
