// Jest Snapshot v1, https://goo.gl/fbAQLP

exports[`Drop down right Component this is a test for Drop down Component 1`] = `ShallowWrapper {}`;
