// Jest Snapshot v1, https://goo.gl/fbAQLP

exports[`Search Bar Component this is a test for Search 1`] = `ShallowWrapper {}`;
