// Jest Snapshot v1, https://goo.gl/fbAQLP

exports[`Recent Posts Component this is a test for Recent Posts Component 1`] = `ShallowWrapper {}`;
