// Jest Snapshot v1, https://goo.gl/fbAQLP

exports[`Drop Down Menu Component this is a test for Drop Down Menu 1`] = `ShallowWrapper {}`;
