// Jest Snapshot v1, https://goo.gl/fbAQLP

exports[`Home Page this is a test for Home Page 1`] = `ShallowWrapper {}`;
