// Jest Snapshot v1, https://goo.gl/fbAQLP

exports[`Moderator button Component this is a test for Moderator Component 1`] = `ShallowWrapper {}`;
