// Jest Snapshot v1, https://goo.gl/fbAQLP

exports[`Login Button Component this is a test for Login Button 1`] = `ShallowWrapper {}`;
