// Jest Snapshot v1, https://goo.gl/fbAQLP

exports[`Community Card  Component this is a test for Community Card  Component 1`] = `ShallowWrapper {}`;
