// Jest Snapshot v1, https://goo.gl/fbAQLP

exports[`Notification button Component this is a test for Notification button Component 1`] = `ShallowWrapper {}`;
