// Jest Snapshot v1, https://goo.gl/fbAQLP

exports[`Navbar Component this is a test for Navbar Component 1`] = `ShallowWrapper {}`;
