// Jest Snapshot v1, https://goo.gl/fbAQLP

exports[`Drop Down list Component this is a test for Drop Down list Component 1`] = `ShallowWrapper {}`;
