// Jest Snapshot v1, https://goo.gl/fbAQLP

exports[`Side Bar Component this is a test for Side Bar 1`] = `ShallowWrapper {}`;
