// Jest Snapshot v1, https://goo.gl/fbAQLP

exports[`Drop Down Item Component this is a test for Drop Down Item Component 1`] = `ShallowWrapper {}`;
