// Jest Snapshot v1, https://goo.gl/fbAQLP

exports[`Post Button Component this is a test for Post Button 1`] = `ShallowWrapper {}`;
