// Jest Snapshot v1, https://goo.gl/fbAQLP

exports[`Profile Post button Component this is a test for Profile Post Button Component 1`] = `ShallowWrapper {}`;
